
SQL*Plus: Release 18.0.0.0.0 - Production on Mon Feb 3 12:41:32 2025
Version 18.4.0.0.0

Copyright (c) 1982, 2018, Oracle.  All rights reserved.

Enter user-name: system
Enter password:

Connected to:
Oracle Database 18c Express Edition Release 18.0.0.0.0 - Production
Version 18.4.0.0.0

SQL> creat table std(id number,name varchar(10),contact varchar(10));
SP2-0734: unknown command beginning "creat tabl..." - rest of line ignored.
SQL> create table std(id number,name varchar(10),contact varchar(10));

Table created.

SQL> alter table std modify name varchar(100);

Table altered.

SQL> allter table std add primary key(id);
SP2-0734: unknown command beginning "allter tab..." - rest of line ignored.
SQL> alter table std add primary key(id);

Table altered.

SQL> alter table std drop primary key
  2  alter table std drop primary key
  3
SQL> alter table std drop primary key
  2
SQL> alter table std drop primary key;

Table altered.

SQL> alter table std rename to std1
  2
SQL>
SQL> alter table std rename to std1;

Table altered.

SQL> desc table
ERROR:
ORA-00931: missing identifier


SQL> desc table std1
Usage: DESCRIBE [schema.]object[@db_link]
SQL> desc table std1;
Usage: DESCRIBE [schema.]object[@db_link]
SQL> desc std1;
 Name                                      Null?    Type
 ----------------------------------------- -------- ----------------------------
 ID                                                 NUMBER
 NAME                                               VARCHAR2(100)
 CONTACT                                            VARCHAR2(10)

SQL> alter table stda1 drop column contact;
alter table stda1 drop column contact
*
ERROR at line 1:
ORA-00942: table or view does not exist


SQL> alter table std1 drop column contact;

Table altered.

SQL>